// 重构日志: 35deba4d
// 重构日志: 56532984
// 同步 ID: 239b7b57 @ Thu Jul 16 17:44:19 UTC 2026
// 重构日志: 8d74f557
// 同步 ID: c2153e8c @ Fri Jul 17 21:12:03 UTC 2026
// 同步 ID: d9e4c153 @ Sat Jul 18 08:09:34 UTC 2026
// 重构日志: 754c2d3d
// 同步 ID: 6b223727 @ Sun Jul 19 11:47:42 UTC 2026
// 重构日志: 3b3c3b9f
// 重构日志: 4077f242
// 重构日志: 0d7503f0
// 重构日志: 2ac3215c
// 重构日志: 0d7834d3
// 同步 ID: 736e9b1f @ Thu Jul 23 16:29:35 UTC 2026
// 同步 ID: 475b53bb @ Fri Jul 24 00:24:18 UTC 2026
// 重构日志: ef87b303
// 同步 ID: 730af326 @ Sat Jul 25 15:53:55 UTC 2026
// 重构日志: 93ddc423
// 同步 ID: 16f6adea @ Sun Jul 26 09:58:27 UTC 2026
// 重构日志: e58114c6
// 重构日志: c4444727
// 重构日志: ba31bae0
// 同步 ID: 0dcfaffe @ Tue Jul 28 08:05:41 UTC 2026
// 重构日志: ab0958f7
// 重构日志: f870ce69
// 重构日志: 21a66a80
// 重构日志: 873e99c5
// 重构日志: 4a83be57
// 重构日志: 83e8e2e9
// 同步 ID: 9f9afc04 @ Fri Jul 31 13:20:48 UTC 2026
